
[1m[46m RUN [49m[22m [36mv4.1.0 [39m[90mC:/Users/Esteban/Desktop/Skill IA/01-Agente-Dropservice/dropservice-platform[39m
      [90mRunning tests with seed "1774278425368"[39m


[1m[46m RUN [49m[22m [36mv4.1.0 [39m[90mC:/Users/Esteban/Desktop/Skill IA/01-Agente-Dropservice/dropservice-platform[39m
      [90mRunning tests with seed "1774278425368"[39m

{"level":30,"time":1774278425721,"pid":41420,"hostname":"ZBOOK16","name":"dropservice","configSessionId":"session-123","email":"esteban@test.com","msg":"Iniciando conversi├│n a RFQ"}
{"level":30,"time":1774278425723,"pid":41420,"hostname":"ZBOOK16","name":"dropservice","quoteSessionId":"quote-id-789","msg":"Conversi├│n a RFQ completada con ├®xito"}
{"level":30,"time":1774278425727,"pid":41420,"hostname":"ZBOOK16","name":"dropservice","configSessionId":"session-123","email":"e@e.com","msg":"Iniciando conversi├│n a RFQ"}
{"level":30,"time":1774278425728,"pid":41420,"hostname":"ZBOOK16","name":"dropservice","quoteSessionId":"quote-id-999","msg":"Conversi├│n a RFQ completada con ├®xito"}
 [32mÔ£ô[39m tests/unit/core/application/services/InferenceToRFQService.test.ts[2m > [22mInferenceToRFQService[2m > [22mdebe convertir una sesi├│n de configuraci├│n en un RFQ exitosamente[32m 8[2mms[22m[39m
 [32mÔ£ô[39m tests/unit/core/application/services/InferenceToRFQService.test.ts[2m > [22mInferenceToRFQService[2m > [22mdebe crear un ├¡tem custom si no se encuentra match en el cat├ílogo[32m 1[2mms[22m[39m
 [32mÔ£ô[39m tests/unit/core/application/services/InferenceToRFQService.test.ts [2m([22m[2m2 tests[22m[2m)[22m[32m 10[2mms[22m[39m

[2m Test Files [22m [1m[32m1 passed[39m[22m[90m (1)[39m
[2m      Tests [22m [1m[32m2 passed[39m[22m[90m (2)[39m
[2m   Start at [22m 12:07:05
[2m   Duration [22m 341ms[2m (transform 60ms, setup 0ms, import 142ms, tests 10ms, environment 0ms)[22m


[2m Test Files [22m [1m[32m1 passed[39m[22m[90m (1)[39m
[2m      Tests [22m [1m[32m2 passed[39m[22m[90m (2)[39m
[2m   Start at [22m 12:07:05
[2m   Duration [22m 342ms[2m (transform 60ms, setup 0ms, import 142ms, tests 10ms, environment 0ms)[22m

